// Jest Snapshot v1, https://goo.gl/fbAQLP

exports[`Body Section shallow render the component correctly 1`] = `ShallowWrapper {}`;
