// Jest Snapshot v1, https://goo.gl/fbAQLP

exports[`Notification Item test should render without fail 1`] = `ShallowWrapper {}`;
