// Jest Snapshot v1, https://goo.gl/fbAQLP

exports[`Footer Component render without crashing 1`] = `ShallowWrapper {}`;
